2026-09-15T05:24:05.7746015Z Current runner version: '2.337.0'
2026-09-15T05:24:05.8086684Z ##[group]Runner Image Provisioner
2026-09-15T05:24:05.8087965Z Hosted Compute Agent
2026-09-15T05:24:05.8088842Z Version: 20260828.587
2026-09-15T05:24:05.8089808Z Commit: abac92662cab4cc7352de4f9f9d2e2419aad9c29
2026-09-15T05:24:05.8090874Z Build Date: 2026-08-28T16:44:25Z
2026-09-15T05:24:05.8091955Z Worker ID: {143e2454-2665-4fba-afd7-3b17fd5ff9f0}
2026-09-15T05:24:05.8093012Z Azure Region: centralus
2026-09-15T05:24:05.8093805Z ##[endgroup]
2026-09-15T05:24:05.8095807Z ##[group]Operating System
2026-09-15T05:24:05.8096967Z Microsoft Windows Server 2025
2026-09-15T05:24:05.8097924Z 10.0.26100
2026-09-15T05:24:05.8098731Z Datacenter
2026-09-15T05:24:05.8099457Z ##[endgroup]
2026-09-15T05:24:05.8100255Z ##[group]Runner Image
2026-09-15T05:24:05.8101147Z Image: windows-2025-vs2026
2026-09-15T05:24:05.8101998Z Version: 20260907.229.1
2026-09-15T05:24:05.8104711Z Included Software: https://github.com/actions/runner-images/blob/win25-vs2026/20260907.229/images/windows/Windows2025-VS2026-Readme.md
2026-09-15T05:24:05.8107399Z Image Release: https://github.com/actions/runner-images/releases/tag/win25-vs2026%2F20260907.229
2026-09-15T05:24:05.8108953Z ##[endgroup]
2026-09-15T05:24:05.8110720Z ##[group]GITHUB_TOKEN Permissions
2026-09-15T05:24:05.8113293Z Contents: read
2026-09-15T05:24:05.8114121Z Metadata: read
2026-09-15T05:24:05.8114877Z Packages: read
2026-09-15T05:24:05.8115629Z ##[endgroup]
2026-09-15T05:24:05.8118540Z Secret source: Actions
2026-09-15T05:24:05.8119815Z Cache mode: write
2026-09-15T05:24:05.8120839Z Prepare workflow directory
2026-09-15T05:24:05.9244849Z Prepare all required actions
2026-09-15T05:24:05.9310356Z Getting action download info
2026-09-15T05:24:06.1829501Z Download action repository 'actions/checkout@v4' (SHA:11d5960a326750d5838078e36cf38b85af677262)
2026-09-15T05:24:06.4012519Z Download action repository 'mlugg/setup-zig@v2' (SHA:d1434d08867e3ee9daa34448df10607b98908d29)
2026-09-15T05:24:12.1418017Z Download action repository 'actions/upload-artifact@v4' (SHA:ea165f8d65b6e75b540449e92b4886f43607fa02)
2026-09-15T05:24:12.6139780Z Complete job name: build (windows-latest, x86_64-windows)
2026-09-15T05:24:12.9368552Z Node 20 is being deprecated. This workflow is running with Node 24 by default. If you need to temporarily use Node 20, you can set the ACTIONS_ALLOW_USE_UNSECURE_NODE_VERSION=true environment variable. For more information see: https://github.blog/changelog/2025-09-19-deprecation-of-node-20-on-github-actions-runners/
2026-09-15T05:24:12.9414619Z ##[group]Run actions/checkout@v4
2026-09-15T05:24:12.9415515Z with:
2026-09-15T05:24:12.9415910Z   repository: AkashPriyadarshii/zcat
2026-09-15T05:24:12.9420716Z   token: ***
2026-09-15T05:24:12.9421149Z   ssh-strict: true
2026-09-15T05:24:12.9421539Z   ssh-user: git
2026-09-15T05:24:12.9421941Z   persist-credentials: true
2026-09-15T05:24:12.9422365Z   clean: true
2026-09-15T05:24:12.9422745Z   sparse-checkout-cone-mode: true
2026-09-15T05:24:12.9423253Z   fetch-depth: 1
2026-09-15T05:24:12.9423616Z   fetch-tags: false
2026-09-15T05:24:12.9424006Z   show-progress: true
2026-09-15T05:24:12.9424393Z   lfs: false
2026-09-15T05:24:12.9424779Z   submodules: false
2026-09-15T05:24:12.9425133Z   set-safe-directory: true
2026-09-15T05:24:12.9425571Z   allow-unsafe-pr-checkout: false
2026-09-15T05:24:12.9426474Z ##[endgroup]
2026-09-15T05:24:13.2861175Z Syncing repository: AkashPriyadarshii/zcat
2026-09-15T05:24:13.2863953Z ##[group]Getting Git version info
2026-09-15T05:24:13.2864556Z Working directory is 'D:\a\zcat\zcat'
2026-09-15T05:24:13.5002112Z [command]"C:\Program Files\Git\bin\git.exe" version
2026-09-15T05:24:13.8535357Z git version 2.55.0.windows.5
2026-09-15T05:24:13.8586838Z ##[endgroup]
2026-09-15T05:24:13.8607725Z Temporarily overriding HOME='D:\a\_temp\88cee20a-5083-4bbf-98ea-568b3644f4ae' before making global git config changes
2026-09-15T05:24:13.8609579Z Adding repository directory to the temporary git global config as a safe directory
2026-09-15T05:24:13.8619363Z [command]"C:\Program Files\Git\bin\git.exe" config --global --add safe.directory D:\a\zcat\zcat
2026-09-15T05:24:13.9298145Z Deleting the contents of 'D:\a\zcat\zcat'
2026-09-15T05:24:13.9304019Z ##[group]Initializing the repository
2026-09-15T05:24:13.9313035Z [command]"C:\Program Files\Git\bin\git.exe" init D:\a\zcat\zcat
2026-09-15T05:24:14.0054434Z Initialized empty Git repository in D:/a/zcat/zcat/.git/
2026-09-15T05:24:14.0122076Z [command]"C:\Program Files\Git\bin\git.exe" remote add origin https://github.com/AkashPriyadarshii/zcat
2026-09-15T05:24:14.0876402Z ##[endgroup]
2026-09-15T05:24:14.0877839Z ##[group]Disabling automatic garbage collection
2026-09-15T05:24:14.0891431Z [command]"C:\Program Files\Git\bin\git.exe" config --local gc.auto 0
2026-09-15T05:24:14.1279464Z ##[endgroup]
2026-09-15T05:24:14.1280297Z ##[group]Setting up auth
2026-09-15T05:24:14.1293472Z [command]"C:\Program Files\Git\bin\git.exe" config --local --name-only --get-regexp core\.sshCommand
2026-09-15T05:24:14.1639806Z [command]"C:\Program Files\Git\bin\git.exe" submodule foreach --recursive "sh -c \"git config --local --name-only --get-regexp 'core\.sshCommand' && git config --local --unset-all 'core.sshCommand' || :\""
2026-09-15T05:24:15.5313007Z [command]"C:\Program Files\Git\bin\git.exe" config --local --name-only --get-regexp http\.https\:\/\/github\.com\/\.extraheader
2026-09-15T05:24:15.5613361Z [command]"C:\Program Files\Git\bin\git.exe" submodule foreach --recursive "sh -c \"git config --local --name-only --get-regexp 'http\.https\:\/\/github\.com\/\.extraheader' && git config --local --unset-all 'http.https://github.com/.extraheader' || :\""
2026-09-15T05:24:16.1187837Z [command]"C:\Program Files\Git\bin\git.exe" config --local --name-only --get-regexp ^includeIf\.gitdir:
2026-09-15T05:24:16.1489423Z [command]"C:\Program Files\Git\bin\git.exe" submodule foreach --recursive "git config --local --show-origin --name-only --get-regexp remote.origin.url"
2026-09-15T05:24:16.7042558Z [command]"C:\Program Files\Git\bin\git.exe" config --local http.https://github.com/.extraheader "AUTHORIZATION: basic ***"
2026-09-15T05:24:16.7361786Z ##[endgroup]
2026-09-15T05:24:16.7364703Z ##[group]Fetching the repository
2026-09-15T05:24:16.7379761Z [command]"C:\Program Files\Git\bin\git.exe" -c protocol.version=2 fetch --no-tags --prune --no-recurse-submodules --depth=1 origin +06d8ae9157f12764393d2d5f23800198d483ab6e:refs/remotes/origin/main
2026-09-15T05:24:17.6499286Z From https://github.com/AkashPriyadarshii/zcat
2026-09-15T05:24:17.6500056Z  * [new ref]         06d8ae9157f12764393d2d5f23800198d483ab6e -> origin/main
2026-09-15T05:24:17.6555843Z ##[endgroup]
2026-09-15T05:24:17.6556445Z ##[group]Determining the checkout info
2026-09-15T05:24:17.6558755Z ##[endgroup]
2026-09-15T05:24:17.6571543Z [command]"C:\Program Files\Git\bin\git.exe" sparse-checkout disable
2026-09-15T05:24:17.6956110Z [command]"C:\Program Files\Git\bin\git.exe" config --local --unset-all extensions.worktreeConfig
2026-09-15T05:24:17.7280158Z ##[group]Checking out the ref
2026-09-15T05:24:17.7290259Z [command]"C:\Program Files\Git\bin\git.exe" checkout --progress --force -B main refs/remotes/origin/main
2026-09-15T05:24:17.7776187Z Switched to a new branch 'main'
2026-09-15T05:24:17.7790494Z branch 'main' set up to track 'origin/main'.
2026-09-15T05:24:17.7840121Z ##[endgroup]
2026-09-15T05:24:17.8157813Z [command]"C:\Program Files\Git\bin\git.exe" log -1 --format=%H
2026-09-15T05:24:17.8424191Z 06d8ae9157f12764393d2d5f23800198d483ab6e
2026-09-15T05:24:17.8877312Z Node 20 is being deprecated. This workflow is running with Node 24 by default. If you need to temporarily use Node 20, you can set the ACTIONS_ALLOW_USE_UNSECURE_NODE_VERSION=true environment variable. For more information see: https://github.blog/changelog/2025-09-19-deprecation-of-node-20-on-github-actions-runners/
2026-09-15T05:24:17.8879328Z ##[group]Run mlugg/setup-zig@v2
2026-09-15T05:24:17.8879577Z with:
2026-09-15T05:24:17.8880448Z   version: 0.16.0
2026-09-15T05:24:17.8880640Z   use-cache: true
2026-09-15T05:24:17.8880837Z   cache-size-limit: 2048
2026-09-15T05:24:17.8881053Z ##[endgroup]
2026-09-15T05:24:18.2319876Z Using tool-cache: false
2026-09-15T05:24:18.2325277Z Fetching zig-x86_64-windows-0.16.0.zip
2026-09-15T05:24:18.4889860Z Cache hit for: setup-zig-tarball-zig-x86_64-windows-0.16.0
2026-09-15T05:24:19.4366617Z Received 91486637 of 91486637 (100.0%), 111.0 MBs/sec
2026-09-15T05:24:19.4371101Z Cache Size: ~87 MB (91486637 B)
2026-09-15T05:24:19.4473556Z [command]"C:\Program Files\Git\usr\bin\tar.exe" -xf D:/a/_temp/9d0c8d17-67ad-42d6-bc32-968581e339d1/cache.tzst -P -C D:/a/zcat/zcat --force-local --use-compress-program "zstd -d"
2026-09-15T05:24:19.7137515Z Cache restored successfully
2026-09-15T05:24:19.7192348Z Fetch took 1487 ms
2026-09-15T05:24:19.7192726Z Extracting tarball zig-x86_64-windows-0.16.0.zip
2026-09-15T05:24:19.7967704Z [command]"C:\Program Files\PowerShell\7\pwsh.exe" -NoLogo -NoProfile -NonInteractive -ExecutionPolicy Unrestricted -Command "$ErrorActionPreference = 'Stop' ; try { Add-Type -AssemblyName System.IO.Compression.ZipFile } catch { } ; try { [System.IO.Compression.ZipFile]::ExtractToDirectory('D:\a\_temp\zig-x86_64-windows-0.16.0.zip', 'D:\a\_temp\64bdff40-34bf-4b59-b7ba-940586495eae', $true) } catch { if (($_.Exception.GetType().FullName -eq 'System.Management.Automation.MethodException') -or ($_.Exception.GetType().FullName -eq 'System.Management.Automation.RuntimeException') ){ Expand-Archive -LiteralPath 'D:\a\_temp\zig-x86_64-windows-0.16.0.zip' -DestinationPath 'D:\a\_temp\64bdff40-34bf-4b59-b7ba-940586495eae' -Force } else { throw $_ } } ;"
2026-09-15T05:24:25.9800927Z Extract took 6260 ms
2026-09-15T05:24:26.0375920Z [command]D:\a\_temp\64bdff40-34bf-4b59-b7ba-940586495eae\zig-x86_64-windows-0.16.0\zig.exe version
2026-09-15T05:24:26.2008887Z 0.16.0
2026-09-15T05:24:26.2060458Z Resolved Zig version 0.16.0
2026-09-15T05:24:26.2071114Z Attempting restore of Zig cache with prefix 'setup-zig-cache-v2-build-zig-x86_64-windows-0.16.0--'
2026-09-15T05:24:26.3697511Z Cache hit for restore-key: setup-zig-cache-v2-build-zig-x86_64-windows-0.16.0--34932180145-1
2026-09-15T05:24:27.1072364Z Received 26497850 of 26497850 (100.0%), 41.4 MBs/sec
2026-09-15T05:24:27.1073533Z Cache Size: ~25 MB (26497850 B)
2026-09-15T05:24:27.1144439Z [command]"C:\Program Files\Git\usr\bin\tar.exe" -xf D:/a/_temp/e5d21839-c025-47cd-a8ef-b06a137040ed/cache.tzst -P -C D:/a/zcat/zcat --force-local --use-compress-program "zstd -d"
2026-09-15T05:24:27.4739814Z Cache restored successfully
2026-09-15T05:24:27.4767304Z Cache hit (key 'setup-zig-cache-v2-build-zig-x86_64-windows-0.16.0--34932180145-1'): populating Zig cache directory at D:\a\zcat\zcat\.zig-cache
2026-09-15T05:24:27.5116953Z ##[group]Run zig build -Doptimize=ReleaseSmall
2026-09-15T05:24:27.5117477Z [36;1mzig build -Doptimize=ReleaseSmall[0m
2026-09-15T05:24:27.5511166Z shell: C:\Program Files\PowerShell\7\pwsh.EXE -command ". '{0}'"
2026-09-15T05:24:27.5511551Z env:
2026-09-15T05:24:27.5511791Z   ZIG_GLOBAL_CACHE_DIR: D:\a\zcat\zcat\.zig-cache
2026-09-15T05:24:27.5512132Z   ZIG_LOCAL_CACHE_DIR: D:\a\zcat\zcat\.zig-cache
2026-09-15T05:24:27.5512415Z ##[endgroup]
2026-09-15T05:24:46.9288484Z ##[group]Run zig build test
2026-09-15T05:24:46.9288830Z [36;1mzig build test[0m
2026-09-15T05:24:46.9353802Z shell: C:\Program Files\PowerShell\7\pwsh.EXE -command ". '{0}'"
2026-09-15T05:24:46.9354155Z env:
2026-09-15T05:24:46.9354377Z   ZIG_GLOBAL_CACHE_DIR: D:\a\zcat\zcat\.zig-cache
2026-09-15T05:24:46.9354692Z   ZIG_LOCAL_CACHE_DIR: D:\a\zcat\zcat\.zig-cache
2026-09-15T05:24:46.9354975Z ##[endgroup]
2026-09-15T05:24:50.6191721Z ##[group]Run set -ex
2026-09-15T05:24:50.6192101Z [36;1mset -ex[0m
2026-09-15T05:24:50.6192451Z [36;1mB="zig-out/bin/zcat$( [ "$RUNNER_OS" = "Windows" ] && echo .exe)"[0m
2026-09-15T05:24:50.6192850Z [36;1m"$B" --version[0m
2026-09-15T05:24:50.6193140Z [36;1m# -n numbers blanks GNU-style, -b skips them[0m
2026-09-15T05:24:50.6193762Z [36;1mprintf 'a\n\nb\n' | "$B" -n | grep -q '^     1\\ta'[0m
2026-09-15T05:24:50.6194102Z [36;1mprintf 'a\n\nb\n' | "$B" -b >.ci-exp[0m
2026-09-15T05:24:50.6194411Z [36;1mprintf '     1\ta\n\n     2\tb\n' >.ci-want[0m
2026-09-15T05:24:50.6194775Z [36;1mcmp .ci-exp .ci-want || { echo "-b mismatch"; exit 1; }[0m
2026-09-15T05:24:50.6195170Z [36;1m# -T tabs as ^I, -E ends as $, -s squeezes blanks[0m
2026-09-15T05:24:50.6195515Z [36;1mprintf '\tx\n' | "$B" -T | grep -q '\^I'[0m
2026-09-15T05:24:50.6195819Z [36;1mprintf 'a\n' | "$B" -E | grep -q 'a\$'[0m
2026-09-15T05:24:50.6196206Z [36;1mprintf 'a\n\n\nb\n' | "$B" -s | grep -c '^$' | grep -q '^1$'[0m
2026-09-15T05:24:50.6196538Z [36;1m# JSON + stdin[0m
2026-09-15T05:24:50.6196792Z [36;1m"$B" --json src/Cat.zig | grep -q '"files"'[0m
2026-09-15T05:24:50.6197122Z [36;1mprintf 'hi' | "$B" --json | grep -q '"path":"-"'[0m
2026-09-15T05:24:50.6197532Z [36;1m# errors: missing file and directory -> exit 1, message on stderr[0m
2026-09-15T05:24:50.6198085Z [36;1mif "$B" /definitely/missing >/dev/null 2>.ci-err; then echo "missing file rc"; exit 1; fi[0m
2026-09-15T05:24:50.6198633Z [36;1mgrep -q 'no such file' .ci-err || { echo "missing file msg"; exit 1; }[0m
2026-09-15T05:24:50.6199012Z [36;1mmkdir -p .ci-dir[0m
2026-09-15T05:24:50.6199331Z [36;1mif "$B" .ci-dir >/dev/null 2>.ci-err; then echo "dir rc"; exit 1; fi[0m
2026-09-15T05:24:50.6199762Z [36;1mgrep -q 'is a directory' .ci-err || { echo "dir msg"; exit 1; }[0m
2026-09-15T05:24:50.6200167Z [36;1m# broken pipe -> 141 (SIGPIPE semantics), silent[0m
2026-09-15T05:24:50.6200502Z [36;1mif [ "$RUNNER_OS" != "Windows" ]; then[0m
2026-09-15T05:24:50.6200870Z [36;1m  yes x | head -c 2000000 | "$B" 2>/dev/null | head -c 1 >/dev/null[0m
2026-09-15T05:24:50.6201358Z [36;1m  [ "${PIPESTATUS[2]}" -eq 141 ] || { echo "pipe rc ${PIPESTATUS[2]} (want 141)"; exit 1; }[0m
2026-09-15T05:24:50.6201751Z [36;1mfi[0m
2026-09-15T05:24:50.6201982Z [36;1mrm -rf .ci-dir .ci-exp .ci-want .ci-err[0m
2026-09-15T05:24:50.6217449Z shell: C:\Program Files\Git\bin\bash.EXE --noprofile --norc -e -o pipefail {0}
2026-09-15T05:24:50.6217857Z env:
2026-09-15T05:24:50.6218099Z   ZIG_GLOBAL_CACHE_DIR: D:\a\zcat\zcat\.zig-cache
2026-09-15T05:24:50.6218428Z   ZIG_LOCAL_CACHE_DIR: D:\a\zcat\zcat\.zig-cache
2026-09-15T05:24:50.6218707Z ##[endgroup]
2026-09-15T05:24:50.7849225Z ++ '[' Windows = Windows ']'
2026-09-15T05:24:50.7849841Z ++ echo .exe
2026-09-15T05:24:50.7858053Z + B=zig-out/bin/zcat.exe
2026-09-15T05:24:50.7858623Z + zig-out/bin/zcat.exe --version
2026-09-15T05:24:50.8044480Z zcat 0.1.1
2026-09-15T05:24:50.8167981Z + printf 'a\n\nb\n'
2026-09-15T05:24:50.8290669Z + zig-out/bin/zcat.exe -n
2026-09-15T05:24:50.8529192Z + grep -q '^     1\\ta'
2026-09-15T05:24:50.9102803Z ##[error]Process completed with exit code 1.
2026-09-15T05:24:50.9353496Z Node 20 is being deprecated. This workflow is running with Node 24 by default. If you need to temporarily use Node 20, you can set the ACTIONS_ALLOW_USE_UNSECURE_NODE_VERSION=true environment variable. For more information see: https://github.blog/changelog/2025-09-19-deprecation-of-node-20-on-github-actions-runners/
2026-09-15T05:24:50.9354820Z Post job cleanup.
2026-09-15T05:24:51.2787073Z Checking size of cache directory at D:\a\zcat\zcat\.zig-cache
2026-09-15T05:24:51.3299155Z Cache directory is 116686669 bytes, below limit of 2147483648 bytes; keeping intact
2026-09-15T05:24:51.3306686Z Saving Zig cache with key 'setup-zig-cache-v2-build-zig-x86_64-windows-0.16.0--34932577222-1'
2026-09-15T05:24:51.4412433Z [command]"C:\Program Files\Git\usr\bin\tar.exe" --posix -cf cache.tzst --exclude cache.tzst -P -C D:/a/zcat/zcat --files-from manifest.txt --force-local --use-compress-program "zstd -T0"
2026-09-15T05:24:53.1735341Z Sent 35361175 of 35361175 (100.0%), 33.5 MBs/sec
2026-09-15T05:24:53.4112994Z Node 20 is being deprecated. This workflow is running with Node 24 by default. If you need to temporarily use Node 20, you can set the ACTIONS_ALLOW_USE_UNSECURE_NODE_VERSION=true environment variable. For more information see: https://github.blog/changelog/2025-09-19-deprecation-of-node-20-on-github-actions-runners/
2026-09-15T05:24:53.4114553Z Post job cleanup.
2026-09-15T05:24:53.5897249Z [command]"C:\Program Files\Git\bin\git.exe" version
2026-09-15T05:24:53.6196380Z git version 2.55.0.windows.5
2026-09-15T05:24:53.6275464Z Temporarily overriding HOME='D:\a\_temp\69a2502f-a18c-4f32-b48a-54f772001700' before making global git config changes
2026-09-15T05:24:53.6276657Z Adding repository directory to the temporary git global config as a safe directory
2026-09-15T05:24:53.6287317Z [command]"C:\Program Files\Git\bin\git.exe" config --global --add safe.directory D:\a\zcat\zcat
2026-09-15T05:24:53.6627472Z [command]"C:\Program Files\Git\bin\git.exe" config --local --name-only --get-regexp core\.sshCommand
2026-09-15T05:24:53.6955420Z [command]"C:\Program Files\Git\bin\git.exe" submodule foreach --recursive "sh -c \"git config --local --name-only --get-regexp 'core\.sshCommand' && git config --local --unset-all 'core.sshCommand' || :\""
2026-09-15T05:24:54.2680988Z [command]"C:\Program Files\Git\bin\git.exe" config --local --name-only --get-regexp http\.https\:\/\/github\.com\/\.extraheader
2026-09-15T05:24:54.2950216Z http.https://github.com/.extraheader
2026-09-15T05:24:54.2999375Z [command]"C:\Program Files\Git\bin\git.exe" config --local --unset-all http.https://github.com/.extraheader
2026-09-15T05:24:54.3310460Z [command]"C:\Program Files\Git\bin\git.exe" submodule foreach --recursive "sh -c \"git config --local --name-only --get-regexp 'http\.https\:\/\/github\.com\/\.extraheader' && git config --local --unset-all 'http.https://github.com/.extraheader' || :\""
2026-09-15T05:24:54.8730604Z [command]"C:\Program Files\Git\bin\git.exe" config --local --name-only --get-regexp ^includeIf\.gitdir:
2026-09-15T05:24:54.9044514Z [command]"C:\Program Files\Git\bin\git.exe" submodule foreach --recursive "git config --local --show-origin --name-only --get-regexp remote.origin.url"
2026-09-15T05:24:55.4732928Z Cleaning up orphan processes
2026-09-15T05:24:55.5316189Z ##[warning]Node.js 20 is deprecated. The following actions target Node.js 20 but are being forced to run on Node.js 24: actions/checkout@v4, mlugg/setup-zig@v2. For more information see: https://github.blog/changelog/2025-09-19-deprecation-of-node-20-on-github-actions-runners/
