2026-09-15T05:24:09.5423820Z Current runner version: '2.337.0'
2026-09-15T05:24:09.5440560Z ##[group]Runner Image Provisioner
2026-09-15T05:24:09.5441100Z Hosted Compute Agent
2026-09-15T05:24:09.5441480Z Version: 20260828.587
2026-09-15T05:24:09.5441940Z Commit: abac92662cab4cc7352de4f9f9d2e2419aad9c29
2026-09-15T05:24:09.5442480Z Build Date: 2026-08-28T16:44:25Z
2026-09-15T05:24:09.5442930Z Worker ID: {33de138d-94cb-4aa4-85c5-cb1d98abf625}
2026-09-15T05:24:09.5443400Z Azure Region: westus
2026-09-15T05:24:09.5443770Z ##[endgroup]
2026-09-15T05:24:09.5444720Z ##[group]Operating System
2026-09-15T05:24:09.5445120Z macOS
2026-09-15T05:24:09.5445470Z 26.6.2
2026-09-15T05:24:09.5445800Z 25G83
2026-09-15T05:24:09.5446220Z ##[endgroup]
2026-09-15T05:24:09.5446600Z ##[group]Runner Image
2026-09-15T05:24:09.5446990Z Image: macos-26-arm64
2026-09-15T05:24:09.5447360Z Version: 20260907.0351.1
2026-09-15T05:24:09.5448300Z Included Software: https://github.com/actions/runner-images/blob/macos-26-arm64/20260907.0351/images/macos/macos-26-arm64-Readme.md
2026-09-15T05:24:09.5449350Z Image Release: https://github.com/actions/runner-images/releases/tag/macos-26-arm64%2F20260907.0351
2026-09-15T05:24:09.5450060Z ##[endgroup]
2026-09-15T05:24:09.5450910Z ##[group]GITHUB_TOKEN Permissions
2026-09-15T05:24:09.5452060Z Contents: read
2026-09-15T05:24:09.5452460Z Metadata: read
2026-09-15T05:24:09.5452910Z Packages: read
2026-09-15T05:24:09.5453350Z ##[endgroup]
2026-09-15T05:24:09.5455350Z Secret source: Actions
2026-09-15T05:24:09.5456780Z Cache mode: write
2026-09-15T05:24:09.5457350Z Prepare workflow directory
2026-09-15T05:24:09.5819230Z Prepare all required actions
2026-09-15T05:24:09.5857770Z Getting action download info
2026-09-15T05:24:09.7653920Z Download action repository 'actions/checkout@v4' (SHA:11d5960a326750d5838078e36cf38b85af677262)
2026-09-15T05:24:10.1513410Z Download action repository 'mlugg/setup-zig@v2' (SHA:d1434d08867e3ee9daa34448df10607b98908d29)
2026-09-15T05:24:13.6050620Z Download action repository 'actions/upload-artifact@v4' (SHA:ea165f8d65b6e75b540449e92b4886f43607fa02)
2026-09-15T05:24:13.8389610Z Complete job name: build (macos-latest, aarch64-macos)
2026-09-15T05:24:13.8947390Z Node 20 is being deprecated. This workflow is running with Node 24 by default. If you need to temporarily use Node 20, you can set the ACTIONS_ALLOW_USE_UNSECURE_NODE_VERSION=true environment variable. For more information see: https://github.blog/changelog/2025-09-19-deprecation-of-node-20-on-github-actions-runners/
2026-09-15T05:24:13.8952680Z ##[group]Run actions/checkout@v4
2026-09-15T05:24:13.8952970Z with:
2026-09-15T05:24:13.8953150Z   repository: AkashPriyadarshii/zcat
2026-09-15T05:24:13.8955130Z   token: ***
2026-09-15T05:24:13.8955290Z   ssh-strict: true
2026-09-15T05:24:13.8955480Z   ssh-user: git
2026-09-15T05:24:13.8955650Z   persist-credentials: true
2026-09-15T05:24:13.8955830Z   clean: true
2026-09-15T05:24:13.8956000Z   sparse-checkout-cone-mode: true
2026-09-15T05:24:13.8956200Z   fetch-depth: 1
2026-09-15T05:24:13.8956350Z   fetch-tags: false
2026-09-15T05:24:13.8956610Z   show-progress: true
2026-09-15T05:24:13.8956790Z   lfs: false
2026-09-15T05:24:13.8956980Z   submodules: false
2026-09-15T05:24:13.8957150Z   set-safe-directory: true
2026-09-15T05:24:13.8957350Z   allow-unsafe-pr-checkout: false
2026-09-15T05:24:13.8957640Z ##[endgroup]
2026-09-15T05:24:14.2855030Z Syncing repository: AkashPriyadarshii/zcat
2026-09-15T05:24:14.2856300Z ##[group]Getting Git version info
2026-09-15T05:24:14.2856740Z Working directory is '/Users/runner/work/zcat/zcat'
2026-09-15T05:24:14.2857310Z [command]/opt/homebrew/bin/git version
2026-09-15T05:24:14.3365820Z git version 2.55.0
2026-09-15T05:24:14.3376470Z ##[endgroup]
2026-09-15T05:24:14.3382120Z Copying '/Users/runner/.gitconfig' to '/Users/runner/work/_temp/cdec6424-ed2c-4cad-98ff-9c5eb0dbf977/.gitconfig'
2026-09-15T05:24:14.3388820Z Temporarily overriding HOME='/Users/runner/work/_temp/cdec6424-ed2c-4cad-98ff-9c5eb0dbf977' before making global git config changes
2026-09-15T05:24:14.3389510Z Adding repository directory to the temporary git global config as a safe directory
2026-09-15T05:24:14.3391720Z [command]/opt/homebrew/bin/git config --global --add safe.directory /Users/runner/work/zcat/zcat
2026-09-15T05:24:14.3488470Z Deleting the contents of '/Users/runner/work/zcat/zcat'
2026-09-15T05:24:14.3490710Z ##[group]Initializing the repository
2026-09-15T05:24:14.3494440Z [command]/opt/homebrew/bin/git init /Users/runner/work/zcat/zcat
2026-09-15T05:24:14.3668920Z hint: Using 'master' as the name for the initial branch. This default branch name
2026-09-15T05:24:14.3669550Z hint: will change to "main" in Git 3.0. To configure the initial branch name
2026-09-15T05:24:14.3670060Z hint: to use in all of your new repositories, which will suppress this warning,
2026-09-15T05:24:14.3670480Z hint: call:
2026-09-15T05:24:14.3670720Z hint:
2026-09-15T05:24:14.3671140Z hint: 	git config --global init.defaultBranch <name>
2026-09-15T05:24:14.3671430Z hint:
2026-09-15T05:24:14.3671740Z hint: Names commonly chosen instead of 'master' are 'main', 'trunk' and
2026-09-15T05:24:14.3672270Z hint: 'development'. The just-created branch can be renamed via this command:
2026-09-15T05:24:14.3672630Z hint:
2026-09-15T05:24:14.3672830Z hint: 	git branch -m <name>
2026-09-15T05:24:14.3673030Z hint:
2026-09-15T05:24:14.3673330Z hint: Disable this message with "git config set advice.defaultBranchName false"
2026-09-15T05:24:14.3673770Z Initialized empty Git repository in /Users/runner/work/zcat/zcat/.git/
2026-09-15T05:24:14.3676880Z [command]/opt/homebrew/bin/git remote add origin https://github.com/AkashPriyadarshii/zcat
2026-09-15T05:24:14.3743630Z ##[endgroup]
2026-09-15T05:24:14.3744160Z ##[group]Disabling automatic garbage collection
2026-09-15T05:24:14.3745900Z [command]/opt/homebrew/bin/git config --local gc.auto 0
2026-09-15T05:24:14.3804240Z ##[endgroup]
2026-09-15T05:24:14.3817910Z ##[group]Setting up auth
2026-09-15T05:24:14.3818790Z [command]/opt/homebrew/bin/git config --local --name-only --get-regexp core\.sshCommand
2026-09-15T05:24:14.3866820Z [command]/opt/homebrew/bin/git submodule foreach --recursive sh -c "git config --local --name-only --get-regexp 'core\.sshCommand' && git config --local --unset-all 'core.sshCommand' || :"
2026-09-15T05:24:14.4607710Z [command]/opt/homebrew/bin/git config --local --name-only --get-regexp http\.https\:\/\/github\.com\/\.extraheader
2026-09-15T05:24:14.4664350Z [command]/opt/homebrew/bin/git submodule foreach --recursive sh -c "git config --local --name-only --get-regexp 'http\.https\:\/\/github\.com\/\.extraheader' && git config --local --unset-all 'http.https://github.com/.extraheader' || :"
2026-09-15T05:24:14.5322280Z [command]/opt/homebrew/bin/git config --local --name-only --get-regexp ^includeIf\.gitdir:
2026-09-15T05:24:14.5374070Z [command]/opt/homebrew/bin/git submodule foreach --recursive git config --local --show-origin --name-only --get-regexp remote.origin.url
2026-09-15T05:24:14.6311430Z [command]/opt/homebrew/bin/git config --local http.https://github.com/.extraheader AUTHORIZATION: basic ***
2026-09-15T05:24:14.6333640Z ##[endgroup]
2026-09-15T05:24:14.6334270Z ##[group]Fetching the repository
2026-09-15T05:24:14.6340820Z [command]/opt/homebrew/bin/git -c protocol.version=2 fetch --no-tags --prune --no-recurse-submodules --depth=1 origin +06d8ae9157f12764393d2d5f23800198d483ab6e:refs/remotes/origin/main
2026-09-15T05:24:15.4138040Z From https://github.com/AkashPriyadarshii/zcat
2026-09-15T05:24:15.4147330Z  * [new ref]         06d8ae9157f12764393d2d5f23800198d483ab6e -> origin/main
2026-09-15T05:24:15.4158320Z ##[endgroup]
2026-09-15T05:24:15.4163480Z ##[group]Determining the checkout info
2026-09-15T05:24:15.4168220Z ##[endgroup]
2026-09-15T05:24:15.4172760Z [command]/opt/homebrew/bin/git sparse-checkout disable
2026-09-15T05:24:15.4239970Z [command]/opt/homebrew/bin/git config --local --unset-all extensions.worktreeConfig
2026-09-15T05:24:15.4304050Z ##[group]Checking out the ref
2026-09-15T05:24:15.4307230Z [command]/opt/homebrew/bin/git checkout --progress --force -B main refs/remotes/origin/main
2026-09-15T05:24:15.4437910Z Switched to a new branch 'main'
2026-09-15T05:24:15.4441010Z branch 'main' set up to track 'origin/main'.
2026-09-15T05:24:15.4448230Z ##[endgroup]
2026-09-15T05:24:15.4536550Z [command]/opt/homebrew/bin/git log -1 --format=%H
2026-09-15T05:24:15.4619650Z 06d8ae9157f12764393d2d5f23800198d483ab6e
2026-09-15T05:24:15.4805230Z Node 20 is being deprecated. This workflow is running with Node 24 by default. If you need to temporarily use Node 20, you can set the ACTIONS_ALLOW_USE_UNSECURE_NODE_VERSION=true environment variable. For more information see: https://github.blog/changelog/2025-09-19-deprecation-of-node-20-on-github-actions-runners/
2026-09-15T05:24:15.4806720Z ##[group]Run mlugg/setup-zig@v2
2026-09-15T05:24:15.4806920Z with:
2026-09-15T05:24:15.4807080Z   version: 0.16.0
2026-09-15T05:24:15.4807250Z   use-cache: true
2026-09-15T05:24:15.4807430Z   cache-size-limit: 2048
2026-09-15T05:24:15.4807630Z ##[endgroup]
2026-09-15T05:24:15.8011090Z Using tool-cache: false
2026-09-15T05:24:15.8015940Z Fetching zig-aarch64-macos-0.16.0.tar.xz
2026-09-15T05:24:15.8892220Z Cache hit for: setup-zig-tarball-zig-aarch64-macos-0.16.0
2026-09-15T05:24:16.3082920Z Received 52241044 of 52241044 (100.0%), 133.9 MBs/sec
2026-09-15T05:24:16.3084550Z Cache Size: ~50 MB (52241044 B)
2026-09-15T05:24:16.3240510Z [command]/opt/homebrew/bin/gtar -xf /Users/runner/work/_temp/d83e2a6d-df75-49f0-8a76-36035facb6fb/cache.tzst -P -C /Users/runner/work/zcat/zcat --delay-directory-restore --use-compress-program unzstd
2026-09-15T05:24:16.4442460Z Cache restored successfully
2026-09-15T05:24:16.4468000Z Fetch took 645 ms
2026-09-15T05:24:16.4481200Z Extracting tarball zig-aarch64-macos-0.16.0.tar.xz
2026-09-15T05:24:16.4643800Z [command]/usr/bin/tar xJ -C /Users/runner/work/_temp/09588e28-7e33-4eb8-b1fa-230cc783ab9e -f /Users/runner/work/_temp/zig-aarch64-macos-0.16.0.tar.xz
2026-09-15T05:24:23.9044600Z Extract took 7457 ms
2026-09-15T05:24:23.9075740Z [command]/Users/runner/work/_temp/09588e28-7e33-4eb8-b1fa-230cc783ab9e/zig-aarch64-macos-0.16.0/zig version
2026-09-15T05:24:24.2242490Z 0.16.0
2026-09-15T05:24:24.2257110Z Resolved Zig version 0.16.0
2026-09-15T05:24:24.2266610Z Attempting restore of Zig cache with prefix 'setup-zig-cache-v2-build-zig-aarch64-macos-0.16.0--'
2026-09-15T05:24:24.2833180Z Cache hit for restore-key: setup-zig-cache-v2-build-zig-aarch64-macos-0.16.0--34932180145-1
2026-09-15T05:24:24.6692180Z Received 24550688 of 24550688 (100.0%), 70.5 MBs/sec
2026-09-15T05:24:24.6715030Z Cache Size: ~23 MB (24550688 B)
2026-09-15T05:24:24.6799830Z [command]/opt/homebrew/bin/gtar -xf /Users/runner/work/_temp/5aa00230-88e9-4a6c-8019-f9e8c65aad5e/cache.tzst -P -C /Users/runner/work/zcat/zcat --delay-directory-restore --use-compress-program unzstd
2026-09-15T05:24:24.8811720Z Cache restored successfully
2026-09-15T05:24:24.8817790Z Cache hit (key 'setup-zig-cache-v2-build-zig-aarch64-macos-0.16.0--34932180145-1'): populating Zig cache directory at /Users/runner/work/zcat/zcat/.zig-cache
2026-09-15T05:24:24.9010110Z ##[group]Run zig build -Doptimize=ReleaseSmall
2026-09-15T05:24:24.9010530Z [36;1mzig build -Doptimize=ReleaseSmall[0m
2026-09-15T05:24:24.9063810Z shell: /bin/bash -e {0}
2026-09-15T05:24:24.9064210Z env:
2026-09-15T05:24:24.9064500Z   ZIG_GLOBAL_CACHE_DIR: /Users/runner/work/zcat/zcat/.zig-cache
2026-09-15T05:24:24.9064850Z   ZIG_LOCAL_CACHE_DIR: /Users/runner/work/zcat/zcat/.zig-cache
2026-09-15T05:24:24.9065210Z ##[endgroup]
2026-09-15T05:24:27.0789960Z ##[group]Run zig build test
2026-09-15T05:24:27.0790440Z [36;1mzig build test[0m
2026-09-15T05:24:27.0835620Z shell: /bin/bash -e {0}
2026-09-15T05:24:27.0835980Z env:
2026-09-15T05:24:27.0836270Z   ZIG_GLOBAL_CACHE_DIR: /Users/runner/work/zcat/zcat/.zig-cache
2026-09-15T05:24:27.0836810Z   ZIG_LOCAL_CACHE_DIR: /Users/runner/work/zcat/zcat/.zig-cache
2026-09-15T05:24:27.0837100Z ##[endgroup]
2026-09-15T05:24:27.3996630Z ##[group]Run set -ex
2026-09-15T05:24:27.3997050Z [36;1mset -ex[0m
2026-09-15T05:24:27.3997460Z [36;1mB="zig-out/bin/zcat$( [ "$RUNNER_OS" = "Windows" ] && echo .exe)"[0m
2026-09-15T05:24:27.4004070Z [36;1m"$B" --version[0m
2026-09-15T05:24:27.4004380Z [36;1m# -n numbers blanks GNU-style, -b skips them[0m
2026-09-15T05:24:27.4004760Z [36;1mprintf 'a\n\nb\n' | "$B" -n | grep -q '^     1\\ta'[0m
2026-09-15T05:24:27.4005090Z [36;1mprintf 'a\n\nb\n' | "$B" -b >.ci-exp[0m
2026-09-15T05:24:27.4005530Z [36;1mprintf '     1\ta\n\n     2\tb\n' >.ci-want[0m
2026-09-15T05:24:27.4006010Z [36;1mcmp .ci-exp .ci-want || { echo "-b mismatch"; exit 1; }[0m
2026-09-15T05:24:27.4006390Z [36;1m# -T tabs as ^I, -E ends as $, -s squeezes blanks[0m
2026-09-15T05:24:27.4006700Z [36;1mprintf '\tx\n' | "$B" -T | grep -q '\^I'[0m
2026-09-15T05:24:27.4007060Z [36;1mprintf 'a\n' | "$B" -E | grep -q 'a\$'[0m
2026-09-15T05:24:27.4007580Z [36;1mprintf 'a\n\n\nb\n' | "$B" -s | grep -c '^$' | grep -q '^1$'[0m
2026-09-15T05:24:27.4007930Z [36;1m# JSON + stdin[0m
2026-09-15T05:24:27.4008290Z [36;1m"$B" --json src/Cat.zig | grep -q '"files"'[0m
2026-09-15T05:24:27.4008630Z [36;1mprintf 'hi' | "$B" --json | grep -q '"path":"-"'[0m
2026-09-15T05:24:27.4009070Z [36;1m# errors: missing file and directory -> exit 1, message on stderr[0m
2026-09-15T05:24:27.4009630Z [36;1mif "$B" /definitely/missing >/dev/null 2>.ci-err; then echo "missing file rc"; exit 1; fi[0m
2026-09-15T05:24:27.4010110Z [36;1mgrep -q 'no such file' .ci-err || { echo "missing file msg"; exit 1; }[0m
2026-09-15T05:24:27.4010460Z [36;1mmkdir -p .ci-dir[0m
2026-09-15T05:24:27.4010760Z [36;1mif "$B" .ci-dir >/dev/null 2>.ci-err; then echo "dir rc"; exit 1; fi[0m
2026-09-15T05:24:27.4011170Z [36;1mgrep -q 'is a directory' .ci-err || { echo "dir msg"; exit 1; }[0m
2026-09-15T05:24:27.4011560Z [36;1m# broken pipe -> 141 (SIGPIPE semantics), silent[0m
2026-09-15T05:24:27.4011900Z [36;1mif [ "$RUNNER_OS" != "Windows" ]; then[0m
2026-09-15T05:24:27.4012280Z [36;1m  yes x | head -c 2000000 | "$B" 2>/dev/null | head -c 1 >/dev/null[0m
2026-09-15T05:24:27.4012870Z [36;1m  [ "${PIPESTATUS[2]}" -eq 141 ] || { echo "pipe rc ${PIPESTATUS[2]} (want 141)"; exit 1; }[0m
2026-09-15T05:24:27.4013320Z [36;1mfi[0m
2026-09-15T05:24:27.4013620Z [36;1mrm -rf .ci-dir .ci-exp .ci-want .ci-err[0m
2026-09-15T05:24:27.4052740Z shell: /bin/bash --noprofile --norc -e -o pipefail {0}
2026-09-15T05:24:27.4053030Z env:
2026-09-15T05:24:27.4053340Z   ZIG_GLOBAL_CACHE_DIR: /Users/runner/work/zcat/zcat/.zig-cache
2026-09-15T05:24:27.4053710Z   ZIG_LOCAL_CACHE_DIR: /Users/runner/work/zcat/zcat/.zig-cache
2026-09-15T05:24:27.4054020Z ##[endgroup]
2026-09-15T05:24:27.4362470Z ++ '[' macOS = Windows ']'
2026-09-15T05:24:27.4389030Z + B=zig-out/bin/zcat
2026-09-15T05:24:27.4401180Z ##[error]Process completed with exit code 1.
2026-09-15T05:24:27.4521060Z Node 20 is being deprecated. This workflow is running with Node 24 by default. If you need to temporarily use Node 20, you can set the ACTIONS_ALLOW_USE_UNSECURE_NODE_VERSION=true environment variable. For more information see: https://github.blog/changelog/2025-09-19-deprecation-of-node-20-on-github-actions-runners/
2026-09-15T05:24:27.4522130Z Post job cleanup.
2026-09-15T05:24:27.7423880Z Checking size of cache directory at /Users/runner/work/zcat/zcat/.zig-cache
2026-09-15T05:24:27.7648580Z Cache directory is 67607912 bytes, below limit of 2147483648 bytes; keeping intact
2026-09-15T05:24:27.7651330Z Saving Zig cache with key 'setup-zig-cache-v2-build-zig-aarch64-macos-0.16.0--34932577222-1'
2026-09-15T05:24:27.7776820Z [command]/opt/homebrew/bin/gtar --posix -cf cache.tzst --exclude cache.tzst -P -C /Users/runner/work/zcat/zcat --files-from manifest.txt --delay-directory-restore --use-compress-program zstdmt
2026-09-15T05:24:28.3496720Z Sent 24550597 of 24550597 (100.0%), 64.0 MBs/sec
2026-09-15T05:24:28.4353180Z Node 20 is being deprecated. This workflow is running with Node 24 by default. If you need to temporarily use Node 20, you can set the ACTIONS_ALLOW_USE_UNSECURE_NODE_VERSION=true environment variable. For more information see: https://github.blog/changelog/2025-09-19-deprecation-of-node-20-on-github-actions-runners/
2026-09-15T05:24:28.4354390Z Post job cleanup.
2026-09-15T05:24:28.5220680Z [command]/opt/homebrew/bin/git version
2026-09-15T05:24:28.5419870Z git version 2.55.0
2026-09-15T05:24:28.5438270Z Copying '/Users/runner/.gitconfig' to '/Users/runner/work/_temp/6ecba9bb-f7cc-43d3-af64-57a3810fea26/.gitconfig'
2026-09-15T05:24:28.5444970Z Temporarily overriding HOME='/Users/runner/work/_temp/6ecba9bb-f7cc-43d3-af64-57a3810fea26' before making global git config changes
2026-09-15T05:24:28.5445700Z Adding repository directory to the temporary git global config as a safe directory
2026-09-15T05:24:28.5448870Z [command]/opt/homebrew/bin/git config --global --add safe.directory /Users/runner/work/zcat/zcat
2026-09-15T05:24:28.5557850Z [command]/opt/homebrew/bin/git config --local --name-only --get-regexp core\.sshCommand
2026-09-15T05:24:28.5622220Z [command]/opt/homebrew/bin/git submodule foreach --recursive sh -c "git config --local --name-only --get-regexp 'core\.sshCommand' && git config --local --unset-all 'core.sshCommand' || :"
2026-09-15T05:24:28.6332210Z [command]/opt/homebrew/bin/git config --local --name-only --get-regexp http\.https\:\/\/github\.com\/\.extraheader
2026-09-15T05:24:28.6381320Z http.https://github.com/.extraheader
2026-09-15T05:24:28.6388000Z [command]/opt/homebrew/bin/git config --local --unset-all http.https://github.com/.extraheader
2026-09-15T05:24:28.6441810Z [command]/opt/homebrew/bin/git submodule foreach --recursive sh -c "git config --local --name-only --get-regexp 'http\.https\:\/\/github\.com\/\.extraheader' && git config --local --unset-all 'http.https://github.com/.extraheader' || :"
2026-09-15T05:24:28.7352450Z [command]/opt/homebrew/bin/git config --local --name-only --get-regexp ^includeIf\.gitdir:
2026-09-15T05:24:28.7456240Z [command]/opt/homebrew/bin/git submodule foreach --recursive git config --local --show-origin --name-only --get-regexp remote.origin.url
2026-09-15T05:24:28.9601360Z Cleaning up orphan processes
2026-09-15T05:24:29.5008840Z ##[warning]Node.js 20 is deprecated. The following actions target Node.js 20 but are being forced to run on Node.js 24: actions/checkout@v4, mlugg/setup-zig@v2. For more information see: https://github.blog/changelog/2025-09-19-deprecation-of-node-20-on-github-actions-runners/
