2026-09-15T05:24:04.2433150Z Current runner version: '2.337.0'
2026-09-15T05:24:04.2458952Z ##[group]Runner Image Provisioner
2026-09-15T05:24:04.2459932Z Hosted Compute Agent
2026-09-15T05:24:04.2460542Z Version: 20260828.587
2026-09-15T05:24:04.2461268Z Commit: abac92662cab4cc7352de4f9f9d2e2419aad9c29
2026-09-15T05:24:04.2462047Z Build Date: 2026-08-28T16:44:25Z
2026-09-15T05:24:04.2462838Z Worker ID: {a01d9ee0-09ba-4e38-9490-e94c21f77336}
2026-09-15T05:24:04.2463648Z Azure Region: northcentralus
2026-09-15T05:24:04.2464567Z ##[endgroup]
2026-09-15T05:24:04.2466062Z ##[group]Operating System
2026-09-15T05:24:04.2466731Z Ubuntu
2026-09-15T05:24:04.2467269Z 24.04.5
2026-09-15T05:24:04.2467922Z LTS
2026-09-15T05:24:04.2468470Z ##[endgroup]
2026-09-15T05:24:04.2469488Z ##[group]Runner Image
2026-09-15T05:24:04.2470151Z Image: ubuntu-24.04
2026-09-15T05:24:04.2470781Z Version: 20260907.300.1
2026-09-15T05:24:04.2472147Z Included Software: https://github.com/actions/runner-images/blob/ubuntu24/20260907.300/images/ubuntu/Ubuntu2404-Readme.md
2026-09-15T05:24:04.2473778Z Image Release: https://github.com/actions/runner-images/releases/tag/ubuntu24%2F20260907.300
2026-09-15T05:24:04.2475073Z ##[endgroup]
2026-09-15T05:24:04.2476351Z ##[group]GITHUB_TOKEN Permissions
2026-09-15T05:24:04.2478357Z Contents: read
2026-09-15T05:24:04.2478966Z Metadata: read
2026-09-15T05:24:04.2479663Z Packages: read
2026-09-15T05:24:04.2480245Z ##[endgroup]
2026-09-15T05:24:04.2482943Z Secret source: Actions
2026-09-15T05:24:04.2483980Z Cache mode: write
2026-09-15T05:24:04.2485177Z Prepare workflow directory
2026-09-15T05:24:04.2929780Z Prepare all required actions
2026-09-15T05:24:04.2998665Z Getting action download info
2026-09-15T05:24:04.5389397Z Download action repository 'actions/checkout@v4' (SHA:11d5960a326750d5838078e36cf38b85af677262)
2026-09-15T05:24:04.6491816Z Download action repository 'mlugg/setup-zig@v2' (SHA:d1434d08867e3ee9daa34448df10607b98908d29)
2026-09-15T05:24:06.1129681Z Download action repository 'actions/upload-artifact@v4' (SHA:ea165f8d65b6e75b540449e92b4886f43607fa02)
2026-09-15T05:24:06.3453739Z Complete job name: build (ubuntu-latest, x86_64-linux)
2026-09-15T05:24:06.4369443Z Node 20 is being deprecated. This workflow is running with Node 24 by default. If you need to temporarily use Node 20, you can set the ACTIONS_ALLOW_USE_UNSECURE_NODE_VERSION=true environment variable. For more information see: https://github.blog/changelog/2025-09-19-deprecation-of-node-20-on-github-actions-runners/
2026-09-15T05:24:06.4380776Z ##[group]Run actions/checkout@v4
2026-09-15T05:24:06.4382017Z with:
2026-09-15T05:24:06.4382916Z   repository: AkashPriyadarshii/zcat
2026-09-15T05:24:06.4391098Z   token: ***
2026-09-15T05:24:06.4391991Z   ssh-strict: true
2026-09-15T05:24:06.4392903Z   ssh-user: git
2026-09-15T05:24:06.4393841Z   persist-credentials: true
2026-09-15T05:24:06.4394968Z   clean: true
2026-09-15T05:24:06.4395903Z   sparse-checkout-cone-mode: true
2026-09-15T05:24:06.4396983Z   fetch-depth: 1
2026-09-15T05:24:06.4397899Z   fetch-tags: false
2026-09-15T05:24:06.4398876Z   show-progress: true
2026-09-15T05:24:06.4399824Z   lfs: false
2026-09-15T05:24:06.4400735Z   submodules: false
2026-09-15T05:24:06.4401683Z   set-safe-directory: true
2026-09-15T05:24:06.4402742Z   allow-unsafe-pr-checkout: false
2026-09-15T05:24:06.4404184Z ##[endgroup]
2026-09-15T05:24:06.5428710Z Syncing repository: AkashPriyadarshii/zcat
2026-09-15T05:24:06.5431989Z ##[group]Getting Git version info
2026-09-15T05:24:06.5433829Z Working directory is '/home/runner/work/zcat/zcat'
2026-09-15T05:24:06.5436369Z [command]/usr/bin/git version
2026-09-15T05:24:06.5461900Z git version 2.55.0
2026-09-15T05:24:06.5485444Z ##[endgroup]
2026-09-15T05:24:06.5500142Z Temporarily overriding HOME='/home/runner/work/_temp/2bb6c377-d799-4d71-8f7f-d555567ded0c' before making global git config changes
2026-09-15T05:24:06.5503762Z Adding repository directory to the temporary git global config as a safe directory
2026-09-15T05:24:06.5507125Z [command]/usr/bin/git config --global --add safe.directory /home/runner/work/zcat/zcat
2026-09-15T05:24:06.5551268Z Deleting the contents of '/home/runner/work/zcat/zcat'
2026-09-15T05:24:06.5559347Z ##[group]Initializing the repository
2026-09-15T05:24:06.5569840Z [command]/usr/bin/git init /home/runner/work/zcat/zcat
2026-09-15T05:24:06.5646370Z hint: Using 'master' as the name for the initial branch. This default branch name
2026-09-15T05:24:06.5649543Z hint: will change to "main" in Git 3.0. To configure the initial branch name
2026-09-15T05:24:06.5652527Z hint: to use in all of your new repositories, which will suppress this warning,
2026-09-15T05:24:06.5655072Z hint: call:
2026-09-15T05:24:06.5656282Z hint:
2026-09-15T05:24:06.5657815Z hint: 	git config --global init.defaultBranch <name>
2026-09-15T05:24:06.5659738Z hint:
2026-09-15T05:24:06.5661507Z hint: Names commonly chosen instead of 'master' are 'main', 'trunk' and
2026-09-15T05:24:06.5664602Z hint: 'development'. The just-created branch can be renamed via this command:
2026-09-15T05:24:06.5667018Z hint:
2026-09-15T05:24:06.5668328Z hint: 	git branch -m <name>
2026-09-15T05:24:06.5669776Z hint:
2026-09-15T05:24:06.5671743Z hint: Disable this message with "git config set advice.defaultBranchName false"
2026-09-15T05:24:06.5674938Z Initialized empty Git repository in /home/runner/work/zcat/zcat/.git/
2026-09-15T05:24:06.5680084Z [command]/usr/bin/git remote add origin https://github.com/AkashPriyadarshii/zcat
2026-09-15T05:24:06.5719487Z ##[endgroup]
2026-09-15T05:24:06.5721907Z ##[group]Disabling automatic garbage collection
2026-09-15T05:24:06.5724544Z [command]/usr/bin/git config --local gc.auto 0
2026-09-15T05:24:06.5755833Z ##[endgroup]
2026-09-15T05:24:06.5758301Z ##[group]Setting up auth
2026-09-15T05:24:06.5761639Z [command]/usr/bin/git config --local --name-only --get-regexp core\.sshCommand
2026-09-15T05:24:06.5797251Z [command]/usr/bin/git submodule foreach --recursive sh -c "git config --local --name-only --get-regexp 'core\.sshCommand' && git config --local --unset-all 'core.sshCommand' || :"
2026-09-15T05:24:06.6142227Z [command]/usr/bin/git config --local --name-only --get-regexp http\.https\:\/\/github\.com\/\.extraheader
2026-09-15T05:24:06.6184398Z [command]/usr/bin/git submodule foreach --recursive sh -c "git config --local --name-only --get-regexp 'http\.https\:\/\/github\.com\/\.extraheader' && git config --local --unset-all 'http.https://github.com/.extraheader' || :"
2026-09-15T05:24:06.6457593Z [command]/usr/bin/git config --local --name-only --get-regexp ^includeIf\.gitdir:
2026-09-15T05:24:06.6500165Z [command]/usr/bin/git submodule foreach --recursive git config --local --show-origin --name-only --get-regexp remote.origin.url
2026-09-15T05:24:06.6745388Z [command]/usr/bin/git config --local http.https://github.com/.extraheader AUTHORIZATION: basic ***
2026-09-15T05:24:06.6787935Z ##[endgroup]
2026-09-15T05:24:06.6789472Z ##[group]Fetching the repository
2026-09-15T05:24:06.6797908Z [command]/usr/bin/git -c protocol.version=2 fetch --no-tags --prune --no-recurse-submodules --depth=1 origin +06d8ae9157f12764393d2d5f23800198d483ab6e:refs/remotes/origin/main
2026-09-15T05:24:06.9901368Z From https://github.com/AkashPriyadarshii/zcat
2026-09-15T05:24:06.9902195Z  * [new ref]         06d8ae9157f12764393d2d5f23800198d483ab6e -> origin/main
2026-09-15T05:24:06.9903426Z ##[endgroup]
2026-09-15T05:24:06.9903880Z ##[group]Determining the checkout info
2026-09-15T05:24:06.9904640Z ##[endgroup]
2026-09-15T05:24:06.9914819Z [command]/usr/bin/git sparse-checkout disable
2026-09-15T05:24:06.9958511Z [command]/usr/bin/git config --local --unset-all extensions.worktreeConfig
2026-09-15T05:24:06.9992526Z ##[group]Checking out the ref
2026-09-15T05:24:06.9997623Z [command]/usr/bin/git checkout --progress --force -B main refs/remotes/origin/main
2026-09-15T05:24:07.0063630Z Switched to a new branch 'main'
2026-09-15T05:24:07.0068478Z branch 'main' set up to track 'origin/main'.
2026-09-15T05:24:07.0073214Z ##[endgroup]
2026-09-15T05:24:07.0116736Z [command]/usr/bin/git log -1 --format=%H
2026-09-15T05:24:07.0145385Z 06d8ae9157f12764393d2d5f23800198d483ab6e
2026-09-15T05:24:07.0380728Z Node 20 is being deprecated. This workflow is running with Node 24 by default. If you need to temporarily use Node 20, you can set the ACTIONS_ALLOW_USE_UNSECURE_NODE_VERSION=true environment variable. For more information see: https://github.blog/changelog/2025-09-19-deprecation-of-node-20-on-github-actions-runners/
2026-09-15T05:24:07.0382827Z ##[group]Run mlugg/setup-zig@v2
2026-09-15T05:24:07.0383148Z with:
2026-09-15T05:24:07.0383408Z   version: 0.16.0
2026-09-15T05:24:07.0383674Z   use-cache: true
2026-09-15T05:24:07.0383949Z   cache-size-limit: 2048
2026-09-15T05:24:07.0384391Z ##[endgroup]
2026-09-15T05:24:07.2757000Z Using tool-cache: false
2026-09-15T05:24:07.2762032Z Fetching zig-x86_64-linux-0.16.0.tar.xz
2026-09-15T05:24:07.3981646Z Cache hit for: setup-zig-tarball-zig-x86_64-linux-0.16.0
2026-09-15T05:24:08.0550836Z Received 55481366 of 55481366 (100.0%), 98.5 MBs/sec
2026-09-15T05:24:08.0551609Z Cache Size: ~53 MB (55481366 B)
2026-09-15T05:24:08.0576527Z [command]/usr/bin/tar -xf /home/runner/work/_temp/2847fda9-b594-4f4c-bcde-e4d9b312ddf0/cache.tzst -P -C /home/runner/work/zcat/zcat --use-compress-program unzstd
2026-09-15T05:24:08.1306189Z Cache restored successfully
2026-09-15T05:24:08.1333850Z Fetch took 857 ms
2026-09-15T05:24:08.1334826Z Extracting tarball zig-x86_64-linux-0.16.0.tar.xz
2026-09-15T05:24:08.1416474Z [command]/usr/bin/tar xJ --warning=no-unknown-keyword --overwrite -C /home/runner/work/_temp/76bdb9b1-0ec2-41f1-b038-d4eb3f5c8e34 -f /home/runner/work/_temp/zig-x86_64-linux-0.16.0.tar.xz
2026-09-15T05:24:12.0359509Z Extract took 3902 ms
2026-09-15T05:24:12.0379267Z [command]/home/runner/work/_temp/76bdb9b1-0ec2-41f1-b038-d4eb3f5c8e34/zig-x86_64-linux-0.16.0/zig version
2026-09-15T05:24:12.0450500Z 0.16.0
2026-09-15T05:24:12.0466057Z Resolved Zig version 0.16.0
2026-09-15T05:24:12.0473990Z Attempting restore of Zig cache with prefix 'setup-zig-cache-v2-build-zig-x86_64-linux-0.16.0--'
2026-09-15T05:24:12.1345600Z Cache hit for restore-key: setup-zig-cache-v2-build-zig-x86_64-linux-0.16.0--34932180145-1
2026-09-15T05:24:12.8676685Z Received 31194176 of 31194176 (100.0%), 46.9 MBs/sec
2026-09-15T05:24:12.8677488Z Cache Size: ~30 MB (31194176 B)
2026-09-15T05:24:12.8697337Z [command]/usr/bin/tar -xf /home/runner/work/_temp/5a2b18c0-720a-4df5-bc15-18940173e2c9/cache.tzst -P -C /home/runner/work/zcat/zcat --use-compress-program unzstd
2026-09-15T05:24:13.0896026Z Cache restored successfully
2026-09-15T05:24:13.0913559Z Cache hit (key 'setup-zig-cache-v2-build-zig-x86_64-linux-0.16.0--34932180145-1'): populating Zig cache directory at /home/runner/work/zcat/zcat/.zig-cache
2026-09-15T05:24:13.1130831Z ##[group]Run zig build -Doptimize=ReleaseSmall
2026-09-15T05:24:13.1131312Z [36;1mzig build -Doptimize=ReleaseSmall[0m
2026-09-15T05:24:13.1176157Z shell: /usr/bin/bash -e {0}
2026-09-15T05:24:13.1176475Z env:
2026-09-15T05:24:13.1176812Z   ZIG_GLOBAL_CACHE_DIR: /home/runner/work/zcat/zcat/.zig-cache
2026-09-15T05:24:13.1177284Z   ZIG_LOCAL_CACHE_DIR: /home/runner/work/zcat/zcat/.zig-cache
2026-09-15T05:24:13.1177622Z ##[endgroup]
2026-09-15T05:24:23.5566686Z ##[group]Run zig build test
2026-09-15T05:24:23.5567020Z [36;1mzig build test[0m
2026-09-15T05:24:23.5606483Z shell: /usr/bin/bash -e {0}
2026-09-15T05:24:23.5606758Z env:
2026-09-15T05:24:23.5607064Z   ZIG_GLOBAL_CACHE_DIR: /home/runner/work/zcat/zcat/.zig-cache
2026-09-15T05:24:23.5607484Z   ZIG_LOCAL_CACHE_DIR: /home/runner/work/zcat/zcat/.zig-cache
2026-09-15T05:24:23.5607818Z ##[endgroup]
2026-09-15T05:24:24.1972467Z ##[group]Run set -ex
2026-09-15T05:24:24.1972810Z [36;1mset -ex[0m
2026-09-15T05:24:24.1973203Z [36;1mB="zig-out/bin/zcat$( [ "$RUNNER_OS" = "Windows" ] && echo .exe)"[0m
2026-09-15T05:24:24.1973604Z [36;1m"$B" --version[0m
2026-09-15T05:24:24.1973930Z [36;1m# -n numbers blanks GNU-style, -b skips them[0m
2026-09-15T05:24:24.1974819Z [36;1mprintf 'a\n\nb\n' | "$B" -n | grep -q '^     1\\ta'[0m
2026-09-15T05:24:24.1975211Z [36;1mprintf 'a\n\nb\n' | "$B" -b >.ci-exp[0m
2026-09-15T05:24:24.1975779Z [36;1mprintf '     1\ta\n\n     2\tb\n' >.ci-want[0m
2026-09-15T05:24:24.1976172Z [36;1mcmp .ci-exp .ci-want || { echo "-b mismatch"; exit 1; }[0m
2026-09-15T05:24:24.1976598Z [36;1m# -T tabs as ^I, -E ends as $, -s squeezes blanks[0m
2026-09-15T05:24:24.1976970Z [36;1mprintf '\tx\n' | "$B" -T | grep -q '\^I'[0m
2026-09-15T05:24:24.1977314Z [36;1mprintf 'a\n' | "$B" -E | grep -q 'a\$'[0m
2026-09-15T05:24:24.1977744Z [36;1mprintf 'a\n\n\nb\n' | "$B" -s | grep -c '^$' | grep -q '^1$'[0m
2026-09-15T05:24:24.1978111Z [36;1m# JSON + stdin[0m
2026-09-15T05:24:24.1978417Z [36;1m"$B" --json src/Cat.zig | grep -q '"files"'[0m
2026-09-15T05:24:24.1978811Z [36;1mprintf 'hi' | "$B" --json | grep -q '"path":"-"'[0m
2026-09-15T05:24:24.1979246Z [36;1m# errors: missing file and directory -> exit 1, message on stderr[0m
2026-09-15T05:24:24.1979822Z [36;1mif "$B" /definitely/missing >/dev/null 2>.ci-err; then echo "missing file rc"; exit 1; fi[0m
2026-09-15T05:24:24.1980425Z [36;1mgrep -q 'no such file' .ci-err || { echo "missing file msg"; exit 1; }[0m
2026-09-15T05:24:24.1980837Z [36;1mmkdir -p .ci-dir[0m
2026-09-15T05:24:24.1981208Z [36;1mif "$B" .ci-dir >/dev/null 2>.ci-err; then echo "dir rc"; exit 1; fi[0m
2026-09-15T05:24:24.1981680Z [36;1mgrep -q 'is a directory' .ci-err || { echo "dir msg"; exit 1; }[0m
2026-09-15T05:24:24.1982111Z [36;1m# broken pipe -> 141 (SIGPIPE semantics), silent[0m
2026-09-15T05:24:24.1982492Z [36;1mif [ "$RUNNER_OS" != "Windows" ]; then[0m
2026-09-15T05:24:24.1982887Z [36;1m  yes x | head -c 2000000 | "$B" 2>/dev/null | head -c 1 >/dev/null[0m
2026-09-15T05:24:24.1983408Z [36;1m  [ "${PIPESTATUS[2]}" -eq 141 ] || { echo "pipe rc ${PIPESTATUS[2]} (want 141)"; exit 1; }[0m
2026-09-15T05:24:24.1983827Z [36;1mfi[0m
2026-09-15T05:24:24.1984321Z [36;1mrm -rf .ci-dir .ci-exp .ci-want .ci-err[0m
2026-09-15T05:24:24.2026066Z shell: /usr/bin/bash --noprofile --norc -e -o pipefail {0}
2026-09-15T05:24:24.2026474Z env:
2026-09-15T05:24:24.2026776Z   ZIG_GLOBAL_CACHE_DIR: /home/runner/work/zcat/zcat/.zig-cache
2026-09-15T05:24:24.2027198Z   ZIG_LOCAL_CACHE_DIR: /home/runner/work/zcat/zcat/.zig-cache
2026-09-15T05:24:24.2027542Z ##[endgroup]
2026-09-15T05:24:24.2093525Z ++ '[' Linux = Windows ']'
2026-09-15T05:24:24.2095409Z + B=zig-out/bin/zcat
2026-09-15T05:24:24.2107159Z ##[error]Process completed with exit code 1.
2026-09-15T05:24:24.2228933Z Node 20 is being deprecated. This workflow is running with Node 24 by default. If you need to temporarily use Node 20, you can set the ACTIONS_ALLOW_USE_UNSECURE_NODE_VERSION=true environment variable. For more information see: https://github.blog/changelog/2025-09-19-deprecation-of-node-20-on-github-actions-runners/
2026-09-15T05:24:24.2230162Z Post job cleanup.
2026-09-15T05:24:24.4492372Z Checking size of cache directory at /home/runner/work/zcat/zcat/.zig-cache
2026-09-15T05:24:24.5095809Z Cache directory is 207714898 bytes, below limit of 2147483648 bytes; keeping intact
2026-09-15T05:24:24.5105433Z Saving Zig cache with key 'setup-zig-cache-v2-build-zig-x86_64-linux-0.16.0--34932577222-1'
2026-09-15T05:24:24.5288387Z [command]/usr/bin/tar --posix -cf cache.tzst --exclude cache.tzst -P -C /home/runner/work/zcat/zcat --files-from manifest.txt --use-compress-program zstdmt
2026-09-15T05:24:26.0456496Z Sent 39069176 of 39069176 (100.0%), 38.5 MBs/sec
2026-09-15T05:24:26.1930002Z Node 20 is being deprecated. This workflow is running with Node 24 by default. If you need to temporarily use Node 20, you can set the ACTIONS_ALLOW_USE_UNSECURE_NODE_VERSION=true environment variable. For more information see: https://github.blog/changelog/2025-09-19-deprecation-of-node-20-on-github-actions-runners/
2026-09-15T05:24:26.1931214Z Post job cleanup.
2026-09-15T05:24:26.2821241Z [command]/usr/bin/git version
2026-09-15T05:24:26.2863419Z git version 2.55.0
2026-09-15T05:24:26.2900753Z Temporarily overriding HOME='/home/runner/work/_temp/74047e2f-657b-4f30-9f22-dc0c300f54e1' before making global git config changes
2026-09-15T05:24:26.2902353Z Adding repository directory to the temporary git global config as a safe directory
2026-09-15T05:24:26.2907571Z [command]/usr/bin/git config --global --add safe.directory /home/runner/work/zcat/zcat
2026-09-15T05:24:26.2948746Z [command]/usr/bin/git config --local --name-only --get-regexp core\.sshCommand
2026-09-15T05:24:26.2984447Z [command]/usr/bin/git submodule foreach --recursive sh -c "git config --local --name-only --get-regexp 'core\.sshCommand' && git config --local --unset-all 'core.sshCommand' || :"
2026-09-15T05:24:26.3240011Z [command]/usr/bin/git config --local --name-only --get-regexp http\.https\:\/\/github\.com\/\.extraheader
2026-09-15T05:24:26.3273094Z http.https://github.com/.extraheader
2026-09-15T05:24:26.3284867Z [command]/usr/bin/git config --local --unset-all http.https://github.com/.extraheader
2026-09-15T05:24:26.3320724Z [command]/usr/bin/git submodule foreach --recursive sh -c "git config --local --name-only --get-regexp 'http\.https\:\/\/github\.com\/\.extraheader' && git config --local --unset-all 'http.https://github.com/.extraheader' || :"
2026-09-15T05:24:26.3586969Z [command]/usr/bin/git config --local --name-only --get-regexp ^includeIf\.gitdir:
2026-09-15T05:24:26.3627302Z [command]/usr/bin/git submodule foreach --recursive git config --local --show-origin --name-only --get-regexp remote.origin.url
2026-09-15T05:24:26.4037972Z Cleaning up orphan processes
2026-09-15T05:24:26.4347221Z ##[warning]Node.js 20 is deprecated. The following actions target Node.js 20 but are being forced to run on Node.js 24: actions/checkout@v4, mlugg/setup-zig@v2. For more information see: https://github.blog/changelog/2025-09-19-deprecation-of-node-20-on-github-actions-runners/
